// Jest Snapshot v1, https://goo.gl/fbAQLP

exports[`<NavBar /> NavBar renders a snapshot properly 1`] = `
<nav
  aria-label="main navigation"
  className="navbar is-dark has-shadow"
  role="navigation"
>
  <div
    className="container"
  >
    <div
      className="navbar-brand"
    >
      <strong
        className="navbar-item"
      >
        TestDriven.io
      </strong>
      <span
        className="nav-toggle navbar-burger"
        onClick={[Function]}
      >
        <span />
        <span />
        <span />
      </span>
    </div>
    <div
      className="navbar-menu"
    >
      <div
        className="navbar-start"
      >
        <a
          className="navbar-item"
          href="/"
          onClick={[Function]}
        >
          Home
        </a>
        <a
          className="navbar-item"
          href="/about"
          onClick={[Function]}
        >
          About
        </a>
        <a
          className="navbar-item"
          href="/create"
          onClick={[Function]}
        >
          Create
        </a>
      </div>
      <div
        className="navbar-end"
      >
        <div
          className="navbar-item"
        >
          <div
            className="buttons"
          >
            <a
              className="button is-success is-outlined"
              href="/register"
              onClick={[Function]}
            >
              Register
            </a>
            <a
              className="button is-white"
              href="/login"
              onClick={[Function]}
            >
              Log In
            </a>
          </div>
        </div>
      </div>
    </div>
  </div>
</nav>
`;
